// Vitest Snapshot v1, https://vitest.dev/guide/snapshot.html

exports[`getCache 1`] = `
{
  "categories": [
    {
      "airtableId": "reczAHtt0JZ4Uq97s",
      "id": "category1",
      "users": [
        "recKeeT3hUQXfly9T",
      ],
    },
    {
      "airtableId": "recGBC7azpVH4Xhfu",
      "id": "category2",
      "users": [
        "recCOtGXUSWzZEbzf",
      ],
    },
    {
      "airtableId": "recy3fSNv0w3yoSBh",
      "id": "category3",
      "users": [
        "recPJPfpwUOpxhd1s",
      ],
    },
  ],
  "permissions": [
    {
      "airtableId": "recKIx5gXMF6sFz9X",
      "descr": "description 1
long text",
      "id": "permission1",
      "parent": [],
      "pub": true,
      "roles": [
        "recFt2k0XC9Lh4MXv",
        "recZuSfp2VFUwzlkZ",
      ],
    },
    {
      "airtableId": "recfA6bfrDSLoLMOR",
      "descr": "description 2
long text",
      "id": "permission2",
      "parent": [
        "recKIx5gXMF6sFz9X",
      ],
      "pub": true,
      "roles": [
        "recXRZ20Y9RRXK1nf",
        "recZuSfp2VFUwzlkZ",
      ],
    },
    {
      "airtableId": "recTXd1ZiyRV6MkCd",
      "descr": "description 3
long text",
      "id": "permission3",
      "parent": [
        "recfA6bfrDSLoLMOR",
      ],
      "pub": true,
      "roles": [
        "recZuSfp2VFUwzlkZ",
      ],
    },
    {
      "airtableId": "recqXONSau2ByYuAP",
      "descr": "description 4
long text",
      "id": "permission4",
      "parent": [],
      "pub": true,
      "roles": [
        "recMtSLHe2fnVOZoF",
      ],
    },
    {
      "airtableId": "recOcMXcycSymXEGn",
      "descr": "description 5
long text",
      "id": "permission5",
      "parent": [
        "recTXd1ZiyRV6MkCd",
      ],
      "pub": true,
      "roles": [
        "recqHMTb4mCFLKumG",
      ],
    },
    {
      "airtableId": "rech4OufSiuAOrc6Q",
      "descr": "description 6
long text",
      "id": "permission6",
      "parent": [],
      "roles": [
        "recqHMTb4mCFLKumG",
      ],
    },
  ],
  "roles": [
    {
      "airtableId": "recZuSfp2VFUwzlkZ",
      "id": "role1",
      "permissions": [
        "recKIx5gXMF6sFz9X",
        "recTXd1ZiyRV6MkCd",
        "recfA6bfrDSLoLMOR",
      ],
      "pub": true,
      "users": [
        "recKeeT3hUQXfly9T",
      ],
    },
    {
      "airtableId": "recMtSLHe2fnVOZoF",
      "id": "role2",
      "permissions": [
        "recqXONSau2ByYuAP",
      ],
      "users": [
        "recCOtGXUSWzZEbzf",
      ],
    },
    {
      "airtableId": "recFt2k0XC9Lh4MXv",
      "id": "role3",
      "permissions": [
        "recKIx5gXMF6sFz9X",
      ],
      "pub": true,
      "users": [
        "recCOtGXUSWzZEbzf",
      ],
    },
    {
      "airtableId": "recqHMTb4mCFLKumG",
      "id": "role4",
      "permissions": [
        "rech4OufSiuAOrc6Q",
        "recOcMXcycSymXEGn",
      ],
      "pub": true,
      "users": [],
    },
    {
      "airtableId": "rec6tdVmScqKRXDkC",
      "id": "role5",
      "permissions": [],
      "users": [
        "rectsieTOdyjEBKGK",
      ],
    },
    {
      "airtableId": "recXRZ20Y9RRXK1nf",
      "id": "role6",
      "permissions": [
        "recfA6bfrDSLoLMOR",
      ],
      "users": [
        "recBwvy2cmRfKXd3G",
      ],
    },
  ],
  "users": [
    {
      "airtableId": "recKeeT3hUQXfly9T",
      "category": [
        "reczAHtt0JZ4Uq97s",
      ],
      "email": "user1@email.com",
      "id": "user1",
      "images": [
        {
          "filename": "oculus_go_product_and_box.jpg",
          "id": "att8BiHM9PcJ1MkSM",
          "size": 18497,
          "thumbnails": {
            "full": {
              "height": 3000,
              "url": "https://dl.airtable.com/.attachmentThumbnails/d3a1ba7b453ae1625185acedf0c092d5/a597d908",
              "width": 3000,
            },
            "large": {
              "height": 360,
              "url": "https://dl.airtable.com/.attachmentThumbnails/5c3bd24479c1ed3c0f317ae4fe4f7a3d/ac170d70",
              "width": 640,
            },
            "small": {
              "height": 36,
              "url": "https://dl.airtable.com/.attachmentThumbnails/cacbc23ff8d66b261a9f572a98a4de78/abf6388d",
              "width": 64,
            },
          },
          "type": "image/jpeg",
          "url": "https://dl.airtable.com/.attachments/822818b7f9dfce155a2decad0183e635/168ac624/oculus_go_product_and_box.jpg",
        },
      ],
      "roles": [
        "recZuSfp2VFUwzlkZ",
      ],
      "tags": [
        "tag1",
      ],
    },
    {
      "airtableId": "recCOtGXUSWzZEbzf",
      "category": [
        "recGBC7azpVH4Xhfu",
      ],
      "email": "user2@email.com",
      "id": "user2",
      "images": [],
      "roles": [
        "recMtSLHe2fnVOZoF",
        "recFt2k0XC9Lh4MXv",
      ],
      "tags": [
        "tag1",
        "tag2",
      ],
    },
    {
      "airtableId": "recPJPfpwUOpxhd1s",
      "category": [
        "recy3fSNv0w3yoSBh",
      ],
      "email": "user3@email.com",
      "id": "user3",
      "images": [],
      "roles": [],
      "tags": [],
    },
    {
      "airtableId": "recBwvy2cmRfKXd3G",
      "category": [],
      "email": "user4@email.com",
      "id": "user4",
      "images": [],
      "roles": [
        "recXRZ20Y9RRXK1nf",
      ],
      "tags": [
        "tag2",
      ],
    },
    {
      "airtableId": "rectsieTOdyjEBKGK",
      "category": [],
      "email": "user5@email.com",
      "id": "user5",
      "images": [],
      "roles": [
        "rec6tdVmScqKRXDkC",
      ],
      "tags": [],
    },
    {
      "airtableId": "recf5MjaK3eslxNy0",
      "category": [],
      "email": "user6@email.com",
      "id": "user6",
      "images": [],
      "roles": [],
      "tags": [],
    },
  ],
}
`;
